
*** Running vivado
    with args -log NOR_SM.vds -m64 -product Vivado -mode batch -messageDb vivado.pb -notrace -source NOR_SM.tcl


****** Vivado v2019.2 (64-bit)
  **** SW Build 2708876 on Wed Nov  6 21:40:23 MST 2019
  **** IP Build 2700528 on Thu Nov  7 00:09:20 MST 2019
    ** Copyright 1986-2019 Xilinx, Inc. All Rights Reserved.

source NOR_SM.tcl -notrace
Command: synth_design -top NOR_SM -part xc7s50csga324-1
Starting synth_design
Attempting to get a license for feature 'Synthesis' and/or device 'xc7s50'
INFO: [Common 17-349] Got license for feature 'Synthesis' and/or device 'xc7s50'
INFO: Launching helper process for spawning children vivado processes
INFO: Helper process launched with PID 19468 
---------------------------------------------------------------------------------
Starting Synthesize : Time (s): cpu = 00:00:05 ; elapsed = 00:00:06 . Memory (MB): peak = 574.238 ; gain = 244.898
---------------------------------------------------------------------------------
INFO: [Synth 8-6157] synthesizing module 'NOR_SM' [E:/DSY_SOLUTIONS/Assignment_3/Assignment_3/Assignment_3.srcs/sources_1/new/NOR_SM.v:23]
ERROR: [Synth 8-27] pmos not supported [E:/DSY_SOLUTIONS/Assignment_3/Assignment_3/Assignment_3.srcs/sources_1/new/NOR_SM.v:34]
ERROR: [Synth 8-6156] failed synthesizing module 'NOR_SM' [E:/DSY_SOLUTIONS/Assignment_3/Assignment_3/Assignment_3.srcs/sources_1/new/NOR_SM.v:23]
---------------------------------------------------------------------------------
Finished Synthesize : Time (s): cpu = 00:00:06 ; elapsed = 00:00:07 . Memory (MB): peak = 647.508 ; gain = 318.168
---------------------------------------------------------------------------------
synthesize failed
INFO: [Common 17-83] Releasing license: Synthesis
3 Infos, 0 Warnings, 0 Critical Warnings and 3 Errors encountered.
synth_design failed
ERROR: [Common 17-69] Command failed: Vivado Synthesis failed
INFO: [Common 17-206] Exiting Vivado at Wed Feb  5 14:12:41 2025...
