INFO: [VRFC 10-163] Analyzing VHDL file "C:/Users/dell/Desktop/DSY_SOLUTIONS/project_1/project_1.sim/sim_1/synth/func/xsim/test_func_synth.vhd" into library xil_defaultlib
INFO: [VRFC 10-3107] analyzing entity '\FIFO_DUALCLOCK_MACRO_viv_\'
INFO: [VRFC 10-3107] analyzing entity 'ROCKETIO_WRAPPER_TILE_GT'
INFO: [VRFC 10-3107] analyzing entity 'ROCKETIO_WRAPPER_TILE_GT_175'
INFO: [VRFC 10-3107] analyzing entity 'ROCKETIO_WRAPPER_TILE_GT_176'
INFO: [VRFC 10-3107] analyzing entity 'ROCKETIO_WRAPPER_TILE_GT_177'
INFO: [VRFC 10-3107] analyzing entity 'ROCKETIO_WRAPPER_TILE_GT_178'
INFO: [VRFC 10-3107] analyzing entity 'ROCKETIO_WRAPPER_TILE_GT_179'
INFO: [VRFC 10-3107] analyzing entity 'ROCKETIO_WRAPPER_TILE_GT_180'
INFO: [VRFC 10-3107] analyzing entity 'ROCKETIO_WRAPPER_TILE_GT_181'
INFO: [VRFC 10-3107] analyzing entity 'ROCKETIO_WRAPPER_TILE_GT_FRAME_CHECK'
INFO: [VRFC 10-3107] analyzing entity 'ROCKETIO_WRAPPER_TILE_GT_FRAME_CHECK_168'
INFO: [VRFC 10-3107] analyzing entity 'ROCKETIO_WRAPPER_TILE_GT_FRAME_CHECK_169'
INFO: [VRFC 10-3107] analyzing entity 'ROCKETIO_WRAPPER_TILE_GT_FRAME_CHECK_170'
INFO: [VRFC 10-3107] analyzing entity 'ROCKETIO_WRAPPER_TILE_GT_FRAME_CHECK_171'
INFO: [VRFC 10-3107] analyzing entity 'ROCKETIO_WRAPPER_TILE_GT_FRAME_CHECK_172'
INFO: [VRFC 10-3107] analyzing entity 'ROCKETIO_WRAPPER_TILE_GT_FRAME_CHECK_173'
INFO: [VRFC 10-3107] analyzing entity 'ROCKETIO_WRAPPER_TILE_GT_FRAME_CHECK_174'
INFO: [VRFC 10-3107] analyzing entity 'ROCKETIO_WRAPPER_TILE_GT_USRCLK_SOURCE'
INFO: [VRFC 10-3107] analyzing entity 'async_fifo'
INFO: [VRFC 10-3107] analyzing entity 'async_fifo_100'
INFO: [VRFC 10-3107] analyzing entity 'async_fifo_104'
INFO: [VRFC 10-3107] analyzing entity 'async_fifo_121'
INFO: [VRFC 10-3107] analyzing entity 'async_fifo_122'
INFO: [VRFC 10-3107] analyzing entity 'async_fifo_123'
INFO: [VRFC 10-3107] analyzing entity 'async_fifo_124'
INFO: [VRFC 10-3107] analyzing entity 'async_fifo_125'
INFO: [VRFC 10-3107] analyzing entity 'async_fifo_126'
INFO: [VRFC 10-3107] analyzing entity 'async_fifo_127'
INFO: [VRFC 10-3107] analyzing entity 'async_fifo_128'
INFO: [VRFC 10-3107] analyzing entity 'async_fifo_129'
INFO: [VRFC 10-3107] analyzing entity 'async_fifo_130'
INFO: [VRFC 10-3107] analyzing entity 'async_fifo_131'
INFO: [VRFC 10-3107] analyzing entity 'async_fifo_132'
INFO: [VRFC 10-3107] analyzing entity 'async_fifo_133'
INFO: [VRFC 10-3107] analyzing entity 'async_fifo_149'
INFO: [VRFC 10-3107] analyzing entity 'async_fifo_158'
INFO: [VRFC 10-3107] analyzing entity 'async_fifo_167'
INFO: [VRFC 10-3107] analyzing entity 'async_fifo_35'
INFO: [VRFC 10-3107] analyzing entity 'async_fifo_37'
INFO: [VRFC 10-3107] analyzing entity 'async_fifo_38'
INFO: [VRFC 10-3107] analyzing entity 'async_fifo_39'
INFO: [VRFC 10-3107] analyzing entity 'async_fifo_4'
INFO: [VRFC 10-3107] analyzing entity 'async_fifo_5'
INFO: [VRFC 10-3107] analyzing entity 'async_fifo_6'
INFO: [VRFC 10-3107] analyzing entity 'async_fifo_91'
INFO: [VRFC 10-3107] analyzing entity 'async_fifo_95'
INFO: [VRFC 10-3107] analyzing entity 'async_fifo_96'
INFO: [VRFC 10-3107] analyzing entity 'async_fifo_97'
INFO: [VRFC 10-3107] analyzing entity 'async_fifo_98'
INFO: [VRFC 10-3107] analyzing entity 'clock_generator'
INFO: [VRFC 10-3107] analyzing entity 'coreTransform'
INFO: [VRFC 10-3107] analyzing entity 'coreTransform_134'
INFO: [VRFC 10-3107] analyzing entity 'coreTransform_135'
INFO: [VRFC 10-3107] analyzing entity 'coreTransform_136'
INFO: [VRFC 10-3107] analyzing entity 'coreTransform_137'
INFO: [VRFC 10-3107] analyzing entity 'coreTransform_138'
INFO: [VRFC 10-3107] analyzing entity 'coreTransform_139'
INFO: [VRFC 10-3107] analyzing entity 'coreTransform_140'
INFO: [VRFC 10-3107] analyzing entity 'coreTransform_141'
INFO: [VRFC 10-3107] analyzing entity 'coreTransform_142'
INFO: [VRFC 10-3107] analyzing entity 'coreTransform_143'
INFO: [VRFC 10-3107] analyzing entity 'coreTransform_144'
INFO: [VRFC 10-3107] analyzing entity 'coreTransform_145'
INFO: [VRFC 10-3107] analyzing entity 'coreTransform_146'
INFO: [VRFC 10-3107] analyzing entity 'coreTransform_147'
INFO: [VRFC 10-3107] analyzing entity 'coreTransform_148'
INFO: [VRFC 10-3107] analyzing entity 'coreTransform_150'
INFO: [VRFC 10-3107] analyzing entity 'coreTransform_151'
INFO: [VRFC 10-3107] analyzing entity 'coreTransform_152'
INFO: [VRFC 10-3107] analyzing entity 'coreTransform_153'
INFO: [VRFC 10-3107] analyzing entity 'coreTransform_154'
INFO: [VRFC 10-3107] analyzing entity 'coreTransform_155'
INFO: [VRFC 10-3107] analyzing entity 'coreTransform_156'
INFO: [VRFC 10-3107] analyzing entity 'coreTransform_157'
INFO: [VRFC 10-3107] analyzing entity 'coreTransform_159'
INFO: [VRFC 10-3107] analyzing entity 'coreTransform_160'
INFO: [VRFC 10-3107] analyzing entity 'coreTransform_161'
INFO: [VRFC 10-3107] analyzing entity 'coreTransform_162'
INFO: [VRFC 10-3107] analyzing entity 'coreTransform_163'
INFO: [VRFC 10-3107] analyzing entity 'coreTransform_164'
INFO: [VRFC 10-3107] analyzing entity 'coreTransform_165'
INFO: [VRFC 10-3107] analyzing entity 'coreTransform_166'
INFO: [VRFC 10-3107] analyzing entity 'or1200_alu'
INFO: [VRFC 10-3107] analyzing entity 'or1200_ctrl'
INFO: [VRFC 10-3107] analyzing entity 'or1200_dc_fsm'
INFO: [VRFC 10-3107] analyzing entity 'or1200_dpram_256x32'
INFO: [VRFC 10-3107] analyzing entity 'or1200_dpram_256x32_92'
INFO: [VRFC 10-3107] analyzing entity 'or1200_dpram_256x32_93'
INFO: [VRFC 10-3107] analyzing entity 'or1200_dpram_256x32_94'
INFO: [VRFC 10-3107] analyzing entity 'or1200_except'
INFO: [VRFC 10-3107] analyzing entity 'or1200_freeze'
INFO: [VRFC 10-3107] analyzing entity 'or1200_genpc'
INFO: [VRFC 10-3107] analyzing entity 'or1200_gmultp2_32x32'
INFO: [VRFC 10-3107] analyzing entity 'or1200_ic_fsm'
INFO: [VRFC 10-3107] analyzing entity 'or1200_if'
INFO: [VRFC 10-3107] analyzing entity 'or1200_iwb_biu'
INFO: [VRFC 10-3107] analyzing entity 'or1200_mem2reg'
INFO: [VRFC 10-3107] analyzing entity 'or1200_operandmuxes'
INFO: [VRFC 10-3107] analyzing entity 'or1200_pic'
INFO: [VRFC 10-3107] analyzing entity 'or1200_pm'
INFO: [VRFC 10-3107] analyzing entity 'or1200_rfram_generic'
INFO: [VRFC 10-3107] analyzing entity 'or1200_spram_2048x32_bw'
INFO: [VRFC 10-3107] analyzing entity 'or1200_spram_2048x32_bw_102'
INFO: [VRFC 10-3107] analyzing entity 'or1200_spram_2048x32_bw_99'
INFO: [VRFC 10-3107] analyzing entity 'or1200_spram_512x20'
INFO: [VRFC 10-3107] analyzing entity 'or1200_spram_512x20_103'
INFO: [VRFC 10-3107] analyzing entity 'or1200_spram_64x14'
INFO: [VRFC 10-3107] analyzing entity 'or1200_spram_64x14_101'
INFO: [VRFC 10-3107] analyzing entity 'or1200_spram_64x22'
INFO: [VRFC 10-3107] analyzing entity 'or1200_spram_64x24'
INFO: [VRFC 10-3107] analyzing entity 'or1200_sprs'
INFO: [VRFC 10-3107] analyzing entity 'or1200_tt'
INFO: [VRFC 10-3107] analyzing entity 'or1200_wb_biu'
INFO: [VRFC 10-3107] analyzing entity 'or1200_wbmux'
INFO: [VRFC 10-3107] analyzing entity 'rtlRam'
INFO: [VRFC 10-3107] analyzing entity 'rtlRam_31'
INFO: [VRFC 10-3107] analyzing entity 'usbf_ep_rf'
INFO: [VRFC 10-3107] analyzing entity 'usbf_ep_rf_10'
INFO: [VRFC 10-3107] analyzing entity 'usbf_ep_rf_11'
INFO: [VRFC 10-3107] analyzing entity 'usbf_ep_rf_12'
INFO: [VRFC 10-3107] analyzing entity 'usbf_ep_rf_13'
INFO: [VRFC 10-3107] analyzing entity 'usbf_ep_rf_14'
INFO: [VRFC 10-3107] analyzing entity 'usbf_ep_rf_15'
INFO: [VRFC 10-3107] analyzing entity 'usbf_ep_rf_16'
INFO: [VRFC 10-3107] analyzing entity 'usbf_ep_rf_17'
INFO: [VRFC 10-3107] analyzing entity 'usbf_ep_rf_18'
INFO: [VRFC 10-3107] analyzing entity 'usbf_ep_rf_19'
INFO: [VRFC 10-3107] analyzing entity 'usbf_ep_rf_20'
INFO: [VRFC 10-3107] analyzing entity 'usbf_ep_rf_21'
INFO: [VRFC 10-3107] analyzing entity 'usbf_ep_rf_40'
INFO: [VRFC 10-3107] analyzing entity 'usbf_ep_rf_41'
INFO: [VRFC 10-3107] analyzing entity 'usbf_ep_rf_42'
INFO: [VRFC 10-3107] analyzing entity 'usbf_ep_rf_43'
INFO: [VRFC 10-3107] analyzing entity 'usbf_ep_rf_44'
INFO: [VRFC 10-3107] analyzing entity 'usbf_ep_rf_45'
INFO: [VRFC 10-3107] analyzing entity 'usbf_ep_rf_46'
INFO: [VRFC 10-3107] analyzing entity 'usbf_ep_rf_47'
INFO: [VRFC 10-3107] analyzing entity 'usbf_ep_rf_48'
INFO: [VRFC 10-3107] analyzing entity 'usbf_ep_rf_49'
INFO: [VRFC 10-3107] analyzing entity 'usbf_ep_rf_50'
INFO: [VRFC 10-3107] analyzing entity 'usbf_ep_rf_51'
INFO: [VRFC 10-3107] analyzing entity 'usbf_ep_rf_52'
INFO: [VRFC 10-3107] analyzing entity 'usbf_ep_rf_53'
INFO: [VRFC 10-3107] analyzing entity 'usbf_ep_rf_54'
INFO: [VRFC 10-3107] analyzing entity 'usbf_ep_rf_55'
INFO: [VRFC 10-3107] analyzing entity 'usbf_ep_rf_7'
INFO: [VRFC 10-3107] analyzing entity 'usbf_ep_rf_8'
INFO: [VRFC 10-3107] analyzing entity 'usbf_ep_rf_9'
INFO: [VRFC 10-3107] analyzing entity 'usbf_idma'
INFO: [VRFC 10-3107] analyzing entity 'usbf_idma_33'
INFO: [VRFC 10-3107] analyzing entity 'usbf_mem_arb'
INFO: [VRFC 10-3107] analyzing entity 'usbf_mem_arb_30'
INFO: [VRFC 10-3107] analyzing entity 'usbf_pd'
INFO: [VRFC 10-3107] analyzing entity 'usbf_pd_32'
INFO: [VRFC 10-3107] analyzing entity 'usbf_pe'
INFO: [VRFC 10-3107] analyzing entity 'usbf_pe_34'
INFO: [VRFC 10-3107] analyzing entity 'usbf_utmi_ls'
INFO: [VRFC 10-3107] analyzing entity 'usbf_utmi_ls_36'
INFO: [VRFC 10-3107] analyzing entity 'usbf_wb'
INFO: [VRFC 10-3107] analyzing entity 'usbf_wb_24'
INFO: [VRFC 10-3107] analyzing entity 'wb_conmax_arb'
INFO: [VRFC 10-3107] analyzing entity 'wb_conmax_arb_61'
INFO: [VRFC 10-3107] analyzing entity 'wb_conmax_arb_62'
INFO: [VRFC 10-3107] analyzing entity 'wb_conmax_arb_63'
INFO: [VRFC 10-3107] analyzing entity 'wb_conmax_arb_65'
INFO: [VRFC 10-3107] analyzing entity 'wb_conmax_arb_66'
INFO: [VRFC 10-3107] analyzing entity 'wb_conmax_arb_67'
INFO: [VRFC 10-3107] analyzing entity 'wb_conmax_arb_68'
INFO: [VRFC 10-3107] analyzing entity 'wb_conmax_arb_70'
INFO: [VRFC 10-3107] analyzing entity 'wb_conmax_arb_71'
INFO: [VRFC 10-3107] analyzing entity 'wb_conmax_arb_72'
INFO: [VRFC 10-3107] analyzing entity 'wb_conmax_arb_73'
INFO: [VRFC 10-3107] analyzing entity 'wb_conmax_arb_74'
INFO: [VRFC 10-3107] analyzing entity 'wb_conmax_arb_75'
INFO: [VRFC 10-3107] analyzing entity 'wb_conmax_arb_77'
INFO: [VRFC 10-3107] analyzing entity 'wb_conmax_arb_78'
INFO: [VRFC 10-3107] analyzing entity 'wb_conmax_arb_80'
INFO: [VRFC 10-3107] analyzing entity 'wb_conmax_arb_81'
INFO: [VRFC 10-3107] analyzing entity 'wb_conmax_arb_82'
INFO: [VRFC 10-3107] analyzing entity 'wb_conmax_arb_83'
INFO: [VRFC 10-3107] analyzing entity 'wb_conmax_master_if'
INFO: [VRFC 10-3107] analyzing entity 'wb_conmax_master_if_56'
INFO: [VRFC 10-3107] analyzing entity 'wb_conmax_rf'
INFO: [VRFC 10-3107] analyzing entity 'FifoBuffer'
INFO: [VRFC 10-3107] analyzing entity 'FifoBuffer_1'
INFO: [VRFC 10-3107] analyzing entity 'FifoBuffer_105'
INFO: [VRFC 10-3107] analyzing entity 'FifoBuffer_106'
INFO: [VRFC 10-3107] analyzing entity 'FifoBuffer_107'
INFO: [VRFC 10-3107] analyzing entity 'FifoBuffer_108'
INFO: [VRFC 10-3107] analyzing entity 'FifoBuffer_109'
INFO: [VRFC 10-3107] analyzing entity 'FifoBuffer_110'
INFO: [VRFC 10-3107] analyzing entity 'FifoBuffer_111'
INFO: [VRFC 10-3107] analyzing entity 'FifoBuffer_112'
INFO: [VRFC 10-3107] analyzing entity 'FifoBuffer_113'
INFO: [VRFC 10-3107] analyzing entity 'FifoBuffer_114'
INFO: [VRFC 10-3107] analyzing entity 'FifoBuffer_115'
INFO: [VRFC 10-3107] analyzing entity 'FifoBuffer_116'
INFO: [VRFC 10-3107] analyzing entity 'FifoBuffer_117'
INFO: [VRFC 10-3107] analyzing entity 'FifoBuffer_118'
INFO: [VRFC 10-3107] analyzing entity 'FifoBuffer_119'
INFO: [VRFC 10-3107] analyzing entity 'FifoBuffer_120'
INFO: [VRFC 10-3107] analyzing entity 'FifoBuffer_2'
INFO: [VRFC 10-3107] analyzing entity 'FifoBuffer_23'
INFO: [VRFC 10-3107] analyzing entity 'FifoBuffer_25'
INFO: [VRFC 10-3107] analyzing entity 'FifoBuffer_26'
INFO: [VRFC 10-3107] analyzing entity 'FifoBuffer_28'
INFO: [VRFC 10-3107] analyzing entity 'FifoBuffer_3'
INFO: [VRFC 10-3107] analyzing entity 'FifoBuffer_84'
INFO: [VRFC 10-3107] analyzing entity 'FifoBuffer_85'
INFO: [VRFC 10-3107] analyzing entity 'FifoBuffer_86'
INFO: [VRFC 10-3107] analyzing entity 'FifoBuffer_87'
INFO: [VRFC 10-3107] analyzing entity 'FifoBuffer_88'
INFO: [VRFC 10-3107] analyzing entity 'FifoBuffer_89'
INFO: [VRFC 10-3107] analyzing entity 'FifoBuffer_90'
INFO: [VRFC 10-3107] analyzing entity 'ROCKETIO_WRAPPER_TILE'
INFO: [VRFC 10-3107] analyzing entity '\async_fifo__parameterized0\'
INFO: [VRFC 10-3107] analyzing entity 'or1200_dc_ram'
INFO: [VRFC 10-3107] analyzing entity 'or1200_dc_tag'
INFO: [VRFC 10-3107] analyzing entity 'or1200_dmmu_tlb'
INFO: [VRFC 10-3107] analyzing entity 'or1200_du'
INFO: [VRFC 10-3107] analyzing entity 'or1200_ic_ram'
INFO: [VRFC 10-3107] analyzing entity 'or1200_ic_tag'
INFO: [VRFC 10-3107] analyzing entity 'or1200_immu_tlb'
INFO: [VRFC 10-3107] analyzing entity 'or1200_lsu'
INFO: [VRFC 10-3107] analyzing entity 'or1200_mult_mac'
INFO: [VRFC 10-3107] analyzing entity 'or1200_qmem_top'
INFO: [VRFC 10-3107] analyzing entity 'or1200_rf'
INFO: [VRFC 10-3107] analyzing entity 'round_1'
INFO: [VRFC 10-3107] analyzing entity 'round_2'
INFO: [VRFC 10-3107] analyzing entity 'round_3'
INFO: [VRFC 10-3107] analyzing entity 'round_4'
INFO: [VRFC 10-3107] analyzing entity 'usbf_pl'
INFO: [VRFC 10-3107] analyzing entity 'usbf_pl_29'
INFO: [VRFC 10-3107] analyzing entity 'usbf_rf'
INFO: [VRFC 10-3107] analyzing entity 'usbf_rf_22'
INFO: [VRFC 10-3107] analyzing entity 'usbf_utmi_if'
INFO: [VRFC 10-3107] analyzing entity 'usbf_utmi_if_27'
INFO: [VRFC 10-3107] analyzing entity 'wb_conmax_msel'
INFO: [VRFC 10-3107] analyzing entity 'wb_conmax_msel_76'
INFO: [VRFC 10-3107] analyzing entity '\wb_conmax_msel__parameterized0\'
INFO: [VRFC 10-3107] analyzing entity '\wb_conmax_msel__parameterized0_64\'
INFO: [VRFC 10-3107] analyzing entity '\wb_conmax_msel__parameterized0_69\'
INFO: [VRFC 10-3107] analyzing entity '\wb_conmax_msel__parameterized0_79\'
INFO: [VRFC 10-3107] analyzing entity 'bft'
INFO: [VRFC 10-3107] analyzing entity 'mgtTop'
INFO: [VRFC 10-3107] analyzing entity 'or1200_cpu'
INFO: [VRFC 10-3107] analyzing entity 'or1200_dc_top'
INFO: [VRFC 10-3107] analyzing entity 'or1200_dmmu_top'
INFO: [VRFC 10-3107] analyzing entity 'or1200_ic_top'
INFO: [VRFC 10-3107] analyzing entity 'or1200_immu_top'
INFO: [VRFC 10-3107] analyzing entity 'or1200_sb_fifo'
INFO: [VRFC 10-3107] analyzing entity 'usbf_top'
INFO: [VRFC 10-3107] analyzing entity 'usbf_top_0'
INFO: [VRFC 10-3107] analyzing entity 'wb_conmax_slave_if'
INFO: [VRFC 10-3107] analyzing entity 'wb_conmax_slave_if_57'
INFO: [VRFC 10-3107] analyzing entity '\wb_conmax_slave_if__parameterized0\'
INFO: [VRFC 10-3107] analyzing entity '\wb_conmax_slave_if__parameterized0_58\'
INFO: [VRFC 10-3107] analyzing entity '\wb_conmax_slave_if__parameterized0_59\'
INFO: [VRFC 10-3107] analyzing entity '\wb_conmax_slave_if__parameterized0_60\'
INFO: [VRFC 10-3107] analyzing entity 'fftTop'
INFO: [VRFC 10-3107] analyzing entity 'or1200_sb'
INFO: [VRFC 10-3107] analyzing entity 'wb_conmax_top'
INFO: [VRFC 10-3107] analyzing entity 'or1200_top'
INFO: [VRFC 10-3107] analyzing entity 'top'
