#-----------------------------------------------------------
# Vivado v2019.2 (64-bit)
# SW Build 2708876 on Wed Nov  6 21:40:23 MST 2019
# IP Build 2700528 on Thu Nov  7 00:09:20 MST 2019
# Start of session at: Wed Feb  5 15:12:28 2025
# Process ID: 21200
# Current directory: E:/DSY_SOLUTIONS/Assignment_3/Assignment_3
# Command line: vivado.exe -gui_launcher_event rodinguilauncherevent17448 E:\DSY_SOLUTIONS\Assignment_3\Assignment_3\Assignment_3.xpr
# Log file: E:/DSY_SOLUTIONS/Assignment_3/Assignment_3/vivado.log
# Journal file: E:/DSY_SOLUTIONS/Assignment_3/Assignment_3\vivado.jou
#-----------------------------------------------------------
start_gui
open_project E:/DSY_SOLUTIONS/Assignment_3/Assignment_3/Assignment_3.xpr
Scanning sources...
Finished scanning sources
INFO: [IP_Flow 19-234] Refreshing IP repositories
INFO: [IP_Flow 19-1704] No user IP repositories specified
INFO: [IP_Flow 19-2313] Loaded Vivado IP repository 'C:/Xilinx/Vivado/2019.2/data/ip'.
open_project: Time (s): cpu = 00:00:23 ; elapsed = 00:00:09 . Memory (MB): peak = 770.129 ; gain = 104.695
update_compile_order -fileset sources_1
exit
INFO: [Common 17-206] Exiting Vivado at Wed Feb  5 15:13:29 2025...
